12:19:55 **** Incremental Build of configuration Debug for project Final_Project_ ****
make -j4 all 
arm-none-eabi-gcc "../Core/Src/main.c" -mcpu=cortex-m4 -std=gnu11 -g3 -DDEBUG -DUSE_HAL_DRIVER -DSTM32L476xx -c -I../Core/Inc -I../Drivers/STM32L4xx_HAL_Driver/Inc -I../Drivers/STM32L4xx_HAL_Driver/Inc/Legacy -I../Drivers/CMSIS/Device/ST/STM32L4xx/Include -I../Drivers/CMSIS/Include -O0 -ffunction-sections -fdata-sections -Wall -fstack-usage -fcyclomatic-complexity -MMD -MP -MF"Core/Src/main.d" -MT"Core/Src/main.o" --specs=nano.specs -mfpu=fpv4-sp-d16 -mfloat-abi=hard -mthumb -o "Core/Src/main.o"
../Core/Src/main.c: In function 'HAL_UART_RxCpltCallback':
../Core/Src/main.c:906:57: warning: pointer targets in passing argument 1 of 'strlen' differ in signedness [-Wpointer-sign]
  906 |             HAL_UART_Transmit(&huart2, response, strlen(response), UART_DELAY);
      |                                                         ^~~~~~~~
      |                                                         |
      |                                                         uint8_t * {aka unsigned char *}
In file included from ../Core/Src/main.c:24:
C:\ST\STM32CubeIDE_1.17.0\STM32CubeIDE\plugins\com.st.stm32cube.ide.mcu.externaltools.gnu-tools-for-stm32.12.3.rel1.win32_1.1.0.202410251130\tools\bin/../lib/gcc/arm-none-eabi/12.3.1/../../../../arm-none-eabi/include/string.h:41:18: note: expected 'const char *' but argument is of type 'uint8_t *' {aka 'unsigned char *'}
   41 | size_t   strlen (const char *);
      |                  ^~~~~~~~~~~~
arm-none-eabi-gcc -o "Final_Project_.elf" @"objects.list"   -mcpu=cortex-m4 -T"C:\Users\victo\STM32CubeIDE\workspace_1.17.0\Final_Project\Final_Project_\STM32L476RGTX_FLASH.ld" --specs=nosys.specs -Wl,-Map="Final_Project_.map" -Wl,--gc-sections -static --specs=nano.specs -mfpu=fpv4-sp-d16 -mfloat-abi=hard -mthumb -u _printf_float -u _scanf_float -Wl,--start-group -lc -lm -Wl,--end-group
Finished building target: Final_Project_.elf
 
arm-none-eabi-size  Final_Project_.elf 
arm-none-eabi-objdump -h -S Final_Project_.elf  > "Final_Project_.list"
   text	   data	    bss	    dec	    hex	filename
  51060	    484	   2516	  54060	   d32c	Final_Project_.elf
Finished building: default.size.stdout
 
Finished building: Final_Project_.list
 

12:20:03 Build Finished. 0 errors, 1 warnings. (took 7s.635ms)

